// Jest Snapshot v1, https://goo.gl/fbAQLP

exports[`Header component should render 1`] = `
<Header>
  <header
    className="header"
  >
    <ul
      className="list"
    >
      <HeaderLink
        as="/"
        href="/index"
      >
        <li
          className="listItem"
        >
          <Link
            as="/"
            href="/index"
          >
            <a
              href="/"
              onClick={[Function]}
              onMouseEnter={[Function]}
            >
              Home
            </a>
          </Link>
        </li>
      </HeaderLink>
      <HeaderLink
        as="/post/1"
        href="/post/[id]"
      >
        <li
          className="listItem"
        >
          <Link
            as="/post/1"
            href="/post/[id]"
          >
            <a
              href="/post/1"
              onClick={[Function]}
              onMouseEnter={[Function]}
            >
              post 1
            </a>
          </Link>
        </li>
      </HeaderLink>
      <HeaderLink
        as="/post/2"
        href="/post/[id]"
      >
        <li
          className="listItem"
        >
          <Link
            as="/post/2"
            href="/post/[id]"
          >
            <a
              href="/post/2"
              onClick={[Function]}
              onMouseEnter={[Function]}
            >
              post 2
            </a>
          </Link>
        </li>
      </HeaderLink>
      <HeaderLink
        as="/post/3"
        href="/post/[id]"
      >
        <li
          className="listItem"
        >
          <Link
            as="/post/3"
            href="/post/[id]"
          >
            <a
              href="/post/3"
              onClick={[Function]}
              onMouseEnter={[Function]}
            >
              404
            </a>
          </Link>
        </li>
      </HeaderLink>
    </ul>
  </header>
</Header>
`;
