// Jest Snapshot v1, https://goo.gl/fbAQLP

exports[`Header component should render 1`] = `
<Header>
  <header
    className="header"
  >
    <nav>
      <ul
        className="list"
      >
        <HeaderLink
          as="/"
          href="/index"
        >
          <li
            className="listItem"
          >
            <Link
              as="/"
              href="/index"
            >
              <a
                href="/"
                onClick={[Function]}
                onMouseEnter={[Function]}
              >
                Home
              </a>
            </Link>
          </li>
        </HeaderLink>
        <HeaderLink
          as="/weather"
          href="/weather"
        >
          <li
            className="listItem"
          >
            <Link
              as="/weather"
              href="/weather"
            >
              <a
                href="/weather"
                onClick={[Function]}
                onMouseEnter={[Function]}
              >
                Région
              </a>
            </Link>
          </li>
        </HeaderLink>
        <HeaderLink
          as="/weather/swiss"
          href="/weather/swiss"
        >
          <li
            className="listItem"
          >
            <Link
              as="/weather/swiss"
              href="/weather/swiss"
            >
              <a
                href="/weather/swiss"
                onClick={[Function]}
                onMouseEnter={[Function]}
              >
                Suisse
              </a>
            </Link>
          </li>
        </HeaderLink>
        <li
          className="listItem"
        >
          <WeatherTeaser>
            <div>
              chargement...
            </div>
          </WeatherTeaser>
        </li>
      </ul>
    </nav>
  </header>
</Header>
`;
